{
    "index": "QmYpW1Az2MmGhyPcax3kuZa9LYfY4GZv77Y5pGQx8em1jT"
}
