{
    "my_index": "QmcPNgjzcTn6RHoDd95hd2WvoGYgSN1Q7CYHHSzUbHphgH",
    "your_index": "QmYvywakuV6mUkSL3QurzxvAexR9jw4ps2HJoG3N5qyiz3"
}
