{
    "index": "Qma3h5KNrzgsVxXz9hmpurBEnf8j4pu4kwoVFutXHzNyY5",
    "strawberries": "strawberries"
}
