{
    "index": "QmeTfLDuGWYHzNECqQpu1tjRbgpAhd7WEnY9gXXVAzrSUd",
    "prefix_a_sufix": "nukes",
    "prefix_b_sufix": "codes"
}
